// Jest Snapshot v1, https://goo.gl/fbAQLP

exports[`Raises with a bad URL 1`] = `[Error: Could not find find a JSON file for Peril settings. It's likely that Peril cannot connect to orta/other@settings.json, check the logs for more info above here. You'll probably need to make changes to the "DATABASE_JSON_FILE" in your ENV vars.]`;

exports[`makes the right calls to GitHub with a legit stubbed JSON file 1`] = `
Object {
  "avatarURL": "",
  "iID": 23511,
  "installationSlackUpdateWebhookURL": undefined,
  "lambdaName": "",
  "login": "unknown",
  "perilSettingsJSONURL": "orta/peril@settings.json",
  "repos": Object {
    "orta/ORStackView": Object {
      "issue.created": "orta/peril@lock_issues.ts",
    },
  },
  "rules": Object {
    "issue": "orta/peril@issue.ts",
    "pull_request": "orta/peril@pr.ts",
  },
  "scheduler": Object {},
  "settings": Object {
    "disable_github_check": false,
    "env_vars": Array [],
    "ignored_repos": Array [],
    "modules": Array [],
  },
  "tasks": Object {},
}
`;
